<html>
<body>
<pre>
<h1>礦ision Build Log</h1>
<h2>Project:</h2>
E:\MCU\STM32Works\初学基础外设\DMA_TEST\USER\Job.uvproj
Project File Date:  11/05/2011

<h2>Output:</h2>
Build target 'Target 1'
assembling startup_stm32f10x_hd.s...
compiling delay.c...
..\SYSTEM\delay\delay.c(2): error:  #5: cannot open source input file "sys.h": No such file or directory
compiling sys.c...
compiling usart.c...
..\SYSTEM\usart\usart.c(1): error:  #5: cannot open source input file "sys.h": No such file or directory
Target not created
Build target 'Target 1'
assembling startup_stm32f10x_hd.s...
compiling main.c...
main.c(1): error:  #5: cannot open source input file "sys.h": No such file or directory
compiling delay.c...
..\SYSTEM\delay\delay.c(2): error:  #5: cannot open source input file "sys.h": No such file or directory
compiling sys.c...
compiling usart.c...
..\SYSTEM\usart\usart.c(1): error:  #5: cannot open source input file "sys.h": No such file or directory
Target not created
Build target 'Target 1'
assembling startup_stm32f10x_hd.s...
compiling main.c...
main.c(12): warning:  #1-D: last line of file ends without a newline
compiling delay.c...
compiling sys.c...
compiling usart.c...
linking...
Program Size: Code=3236 RO-data=336 RW-data=12 ZI-data=2348  
FromELF: creating hex file...
"..\OBJ\Job.axf" - 0 Error(s), 1 Warning(s).
Build target 'Target 1'
assembling startup_stm32f10x_hd.s...
compiling main.c...
compiling delay.c...
compiling sys.c...
compiling usart.c...
linking...
Program Size: Code=3236 RO-data=336 RW-data=12 ZI-data=2348  
FromELF: creating hex file...
"..\OBJ\Job.axf" - 0 Error(s), 0 Warning(s).
